// Jest Snapshot v1, https://goo.gl/fbAQLP

exports[`Button should display Button component 1`] = `<styled.button />`;
