// Jest Snapshot v1, https://goo.gl/fbAQLP

exports[`Spinner should display Spinner component 1`] = `
<styled.div>
  <styled.div />
</styled.div>
`;
