// Jest Snapshot v1, https://goo.gl/fbAQLP

exports[`Homepage should display homepage 1`] = `ShallowWrapper {}`;
